/scratch/sr02500/dissertation-venv/lib/python3.12/site-packages/sklearn/svm/_base.py:239: FutureWarning: The `probability` parameter was deprecated in 1.9 and will be removed in version 1.11. Use `CalibratedClassifierCV(SVC(), ensemble=False)` instead of `SVC(probability=True)`
  warnings.warn(
/scratch/sr02500/dissertation-venv/lib/python3.12/site-packages/sklearn/svm/_base.py:239: FutureWarning: The `probability` parameter was deprecated in 1.9 and will be removed in version 1.11. Use `CalibratedClassifierCV(SVC(), ensemble=False)` instead of `SVC(probability=True)`
  warnings.warn(
/scratch/sr02500/dissertation-venv/lib/python3.12/site-packages/sklearn/svm/_base.py:239: FutureWarning: The `probability` parameter was deprecated in 1.9 and will be removed in version 1.11. Use `CalibratedClassifierCV(SVC(), ensemble=False)` instead of `SVC(probability=True)`
  warnings.warn(
/scratch/sr02500/dissertation-venv/lib/python3.12/site-packages/sklearn/svm/_base.py:239: FutureWarning: The `probability` parameter was deprecated in 1.9 and will be removed in version 1.11. Use `CalibratedClassifierCV(SVC(), ensemble=False)` instead of `SVC(probability=True)`
  warnings.warn(
/scratch/sr02500/dissertation-venv/lib/python3.12/site-packages/sklearn/svm/_base.py:239: FutureWarning: The `probability` parameter was deprecated in 1.9 and will be removed in version 1.11. Use `CalibratedClassifierCV(SVC(), ensemble=False)` instead of `SVC(probability=True)`
  warnings.warn(
/scratch/sr02500/dissertation-venv/lib/python3.12/site-packages/sklearn/svm/_base.py:239: FutureWarning: The `probability` parameter was deprecated in 1.9 and will be removed in version 1.11. Use `CalibratedClassifierCV(SVC(), ensemble=False)` instead of `SVC(probability=True)`
  warnings.warn(
/scratch/sr02500/dissertation-venv/lib/python3.12/site-packages/sklearn/svm/_base.py:239: FutureWarning: The `probability` parameter was deprecated in 1.9 and will be removed in version 1.11. Use `CalibratedClassifierCV(SVC(), ensemble=False)` instead of `SVC(probability=True)`
  warnings.warn(
Sweep points found: [0.1, 0.5, 1.0, 2.0, 5.0, 10.0, 20.0]

=== Classical models across rho_E sweep ===
  rho_E=  0.1 tc_svm          acc=0.5220 f1=0.4745 auc=0.5266  [saved]
  rho_E=  0.1 random_forest   acc=0.5194 f1=0.5194 auc=0.5256  [saved]
  rho_E=  0.1 xgboost         acc=0.5164 f1=0.5058 auc=0.5231  [saved]
  rho_E=  0.5 tc_svm          acc=0.5923 f1=0.5616 auc=0.6220  [saved]
  rho_E=  0.5 random_forest   acc=0.5940 f1=0.5910 auc=0.6257  [saved]
  rho_E=  0.5 xgboost         acc=0.5945 f1=0.5921 auc=0.6262  [saved]
  rho_E=  1.0 tc_svm          acc=0.6707 f1=0.6524 auc=0.7244  [saved]
  rho_E=  1.0 random_forest   acc=0.6734 f1=0.6696 auc=0.7283  [saved]
  rho_E=  1.0 xgboost         acc=0.6740 f1=0.6695 auc=0.7286  [saved]
  rho_E=  2.0 tc_svm          acc=0.7932 f1=0.7848 auc=0.8609  [saved]
  rho_E=  2.0 random_forest   acc=0.7937 f1=0.7882 auc=0.8648  [saved]
  rho_E=  2.0 xgboost         acc=0.7948 f1=0.7900 auc=0.8653  [saved]
  rho_E=  5.0 tc_svm          acc=0.9404 f1=0.9395 auc=0.9781  [saved]
  rho_E=  5.0 random_forest   acc=0.9424 f1=0.9419 auc=0.9808  [saved]
  rho_E=  5.0 xgboost         acc=0.9412 f1=0.9408 auc=0.9808  [saved]
  rho_E= 10.0 tc_svm          acc=0.9844 f1=0.9843 auc=0.9968  [saved]
  rho_E= 10.0 random_forest   acc=0.9842 f1=0.9842 auc=0.9972  [saved]
  rho_E= 10.0 xgboost         acc=0.9845 f1=0.9845 auc=0.9972  [saved]
  rho_E= 20.0 tc_svm          acc=0.9964 f1=0.9964 auc=0.9997  [saved]
  rho_E= 20.0 random_forest   acc=0.9965 f1=0.9965 auc=0.9997  [saved]
  rho_E= 20.0 xgboost         acc=0.9965 f1=0.9965 auc=0.9997  [saved]

=== Neural models across rho_E sweep ===
  rho_E=  0.1 mlp             acc=0.1938 f1=0.1389 auc=0.1055  [saved]
  rho_E=  0.1 lstm            acc=0.5150 f1=0.5138 auc=0.4936  [saved]
  rho_E=  0.1 autoencoder     acc=0.4925 f1=0.0602 auc=0.4664  [saved]
  rho_E=  0.5 mlp             acc=0.4350 f1=0.4392 auc=0.4376  [saved]
  rho_E=  0.5 lstm            acc=0.6075 f1=0.6374 auc=0.6480  [saved]
  rho_E=  0.5 autoencoder     acc=0.5188 f1=0.1538 auc=0.6002  [saved]
  rho_E=  1.0 mlp             acc=0.6512 f1=0.6437 auc=0.6762  [saved]
  rho_E=  1.0 lstm            acc=0.7163 f1=0.7235 auc=0.7974  [saved]
  rho_E=  1.0 autoencoder     acc=0.5625 f1=0.2769 auc=0.7192  [saved]
  rho_E=  2.0 mlp             acc=0.8313 f1=0.8331 auc=0.8994  [saved]
  rho_E=  2.0 lstm            acc=0.8675 f1=0.8688 auc=0.9483  [saved]
  rho_E=  2.0 autoencoder     acc=0.6975 f1=0.5813 auc=0.8878  [saved]
  rho_E=  5.0 mlp             acc=0.9925 f1=0.9925 auc=0.9998  [saved]
  rho_E=  5.0 lstm            acc=0.9975 f1=0.9975 auc=0.9999  [saved]
  rho_E=  5.0 autoencoder     acc=0.9750 f1=0.9752 auc=0.9978  [saved]
  rho_E= 10.0 mlp             acc=1.0000 f1=1.0000 auc=1.0000  [saved]
  rho_E= 10.0 lstm            acc=1.0000 f1=1.0000 auc=1.0000  [saved]
  rho_E= 10.0 autoencoder     acc=0.9812 f1=0.9816 auc=1.0000  [saved]
  rho_E= 20.0 mlp             acc=1.0000 f1=1.0000 auc=1.0000  [saved]
  rho_E= 20.0 lstm            acc=1.0000 f1=1.0000 auc=1.0000  [saved]
  rho_E= 20.0 autoencoder     acc=0.9850 f1=0.9852 auc=1.0000  [saved]

Saved experiments/phase3_physical_layer/results/snr_sweep_results.csv
Figures: snr_sweep_accuracy.png, snr_sweep_auc.png
